// Jest Snapshot v1, https://goo.gl/fbAQLP

exports[`AlertMessage page matches snapshot 1`] = `<DocumentFragment />`;
