// Jest Snapshot v1, https://goo.gl/fbAQLP

exports[`DashboardPage page matches snapshot 1`] = `
<DocumentFragment>
  <div
    class="container mt-4"
  >
    <div
      class="mt-100"
    >
      <div
        class="dashboard-grid-wrapper"
      >
        <div
          class="dashboard-grid-header"
        />
        <div
          class="dashboard-left-sidebar"
        >
          <div
            class="d-flex justify-content-center align-items-center"
          >
            <div
              class="spinner-border text-secondary"
              role="status"
            >
              <span
                class="sr-only "
              >
                Loading...
              </span>
            </div>
          </div>
        </div>
        <div
          class="dashboard-grid-main"
        />
      </div>
    </div>
  </div>
</DocumentFragment>
`;
