// Jest Snapshot v1, https://goo.gl/fbAQLP

exports[`Collaborators page matches snapshot 1`] = `
<DocumentFragment>
  <div />
</DocumentFragment>
`;
