// Jest Snapshot v1, https://goo.gl/fbAQLP

exports[`ResetPassword page matches snapshot 1`] = `
<DocumentFragment>
  <div
    class="min-height mt-5 pt-5"
  >
    <div
      class="container"
    >
      <div
        class="row h-100 justify-content-center mt-5"
      >
        <div
          class="col-md-6 w-100 align-self-center"
        >
          <h2
            class="text-dark mb-0 text-center mb-4"
          >
            Update Password
          </h2>
          <div
            class="p-5 pb-3 card"
            style="border-radius: 15px;"
          >
            <form
              class=""
            >
              <div
                class="form-group"
              >
                <div
                  class="input-group"
                >
                  <input
                    autocomplete="off"
                    class="form-control border-right-0"
                    name="password"
                    placeholder="New Password"
                    type="password"
                    value=""
                  />
                  <div
                    class="input-group-append"
                  >
                    <div
                      style="display: flex; justify-content: center; align-items: center; width: 60px; border: 1px solid #ced4da; border-top-right-radius: 5px; border-bottom-right-radius: 5px; background-color: transparent; cursor: pointer;"
                    >
                      <small>
                        Show
                      </small>
                    </div>
                  </div>
                </div>
              </div>
              <div
                class="form-group"
              >
                <div
                  class="input-group"
                >
                  <input
                    autocomplete="off"
                    class="form-control border-right-0"
                    name="password"
                    placeholder="Confirm New Password"
                    type="password"
                    value=""
                  />
                  <div
                    class="input-group-append"
                  >
                    <div
                      style="display: flex; justify-content: center; align-items: center; width: 60px; border: 1px solid #ced4da; border-top-right-radius: 5px; border-bottom-right-radius: 5px; background-color: transparent; cursor: pointer;"
                    >
                      <small>
                        Show
                      </small>
                    </div>
                  </div>
                </div>
              </div>
              <div
                class="text-right"
              >
                <div
                  class="mt-3 form-group"
                >
                  <button
                    class="rounded-pill btn btn-danger"
                    type="button"
                  >
                    Update
                  </button>
                   
                  <a
                    href="/"
                  >
                    <button
                      class="rounded-pill btn btn-light"
                      type="button"
                    >
                      Cancel
                    </button>
                  </a>
                </div>
              </div>
              <div
                class="text-muted"
              >
                <a
                  class="red-link"
                  href="/"
                >
                  Login as a different user
                </a>
              </div>
            </form>
          </div>
        </div>
      </div>
    </div>
  </div>
</DocumentFragment>
`;
