// Jest Snapshot v1, https://goo.gl/fbAQLP

exports[`CreateMenu page matches snapshot 1`] = `
<DocumentFragment>
  <div>
    <div
      class="form-group"
    >
      <div
        class="dropdown"
      >
        <button
          aria-expanded="false"
          aria-haspopup="true"
          class="custom-dropdown text-left d-flex justify-content-between align-items-center btn dropdown-toggle btn btn-primary"
          type="button"
        >
          Select Locations (required)
        </button>
      </div>
    </div>
    <div
      class="form-group"
    >
      <div
        class="d-none custom custom-file"
      >
        <input
          accept=".csv"
          class="custom-file-input"
          id="menu"
          type="file"
        />
        <label
          class="custom-file-label"
          for="menu"
        >
          Custom file input
        </label>
      </div>
      <div
        class="p-2 d-flex pt-4 b1-dash cr-p card"
      >
        <label
          class="cr-p"
          for="menu"
        >
          <h6>
            <img
              alt="icon"
              class="mx-4"
              src="UploadCover.svg"
            />
            <span>
              Upload Menu
            </span>
          </h6>
        </label>
      </div>
      <h6
        class="mt-2 grey-color"
      >
        Only CSV Files
      </h6>
      <h6
        class="mt-2 grey-color font-italic"
      >
        watch the CSV tutorial here
      </h6>
      <h6
        class="mt-2 grey-color font-italic"
      >
        download CSV template here
      </h6>
    </div>
    <div
      class="d-flex justify-content-between form-group"
    >
      <img
        alt="icon"
        class="mt-3 ht-54 cr-p"
        src="Back.svg"
      />
      <button
        class="btn btn-primary mt-3 rounded-pill px-4 btn btn-primary"
        form="email-form"
        type="submit"
      >
        Continue
      </button>
    </div>
  </div>
</DocumentFragment>
`;
