// Jest Snapshot v1, https://goo.gl/fbAQLP

exports[`AllUsers page matches snapshot 1`] = `
<DocumentFragment>
  <div
    class="p-4"
  >
    <div
      class="d-flex justify-content-center align-items-center"
    >
      <div
        class="spinner-border text-secondary"
        role="status"
      >
        <span
          class="sr-only "
        >
          Loading...
        </span>
      </div>
    </div>
  </div>
</DocumentFragment>
`;
